{
  "counts": {
    "observable_gt_instances": 91,
    "positive_hungarian_matches": 36,
    "positive_overlap_pairs": 280,
    "predicted_objects": 64
  },
  "coverage": {
    "count": 91,
    "max": 1.0,
    "mean": 0.43070516641521317,
    "median": 0.3285198555956679,
    "min": 0.0,
    "q05": 0.0,
    "q25": 0.0844424648526316,
    "q75": 0.7912311807888516,
    "q95": 1.0
  },
  "purity": {
    "count": 64,
    "max": 1.0,
    "mean": 0.7650394987411917,
    "median": 0.8436447848935602,
    "min": 0.0,
    "q05": 0.06517697466467967,
    "q25": 0.6343388960205392,
    "q75": 1.0,
    "q95": 1.0
  },
  "scene": "room0",
  "thresholds": {
    "0.1": {
      "f1": 0.3096774193548387,
      "precision": 0.375,
      "recall": 0.26373626373626374,
      "true_positive": 24
    },
    "0.25": {
      "f1": 0.12903225806451613,
      "precision": 0.15625,
      "recall": 0.10989010989010989,
      "true_positive": 10
    },
    "0.5": {
      "f1": 0.012903225806451613,
      "precision": 0.015625,
      "recall": 0.01098901098901099,
      "true_positive": 1
    }
  },
  "voxel_size_m": 0.05
}
