{
  "counts": {
    "observable_gt_instances": 91,
    "positive_hungarian_matches": 37,
    "positive_overlap_pairs": 300,
    "predicted_objects": 73
  },
  "coverage": {
    "count": 91,
    "max": 1.0,
    "mean": 0.4760990328005536,
    "median": 0.4367469879518072,
    "min": 0.0,
    "q05": 0.0,
    "q25": 0.15697937301926848,
    "q75": 0.8283118862640986,
    "q95": 1.0
  },
  "purity": {
    "count": 73,
    "max": 1.0,
    "mean": 0.7219608516797776,
    "median": 0.8323895809739524,
    "min": 0.0,
    "q05": 0.0,
    "q25": 0.5710491367861886,
    "q75": 1.0,
    "q95": 1.0
  },
  "scene": "room0",
  "thresholds": {
    "0.1": {
      "f1": 0.3048780487804878,
      "precision": 0.3424657534246575,
      "recall": 0.27472527472527475,
      "true_positive": 25
    },
    "0.25": {
      "f1": 0.12195121951219512,
      "precision": 0.136986301369863,
      "recall": 0.10989010989010989,
      "true_positive": 10
    },
    "0.5": {
      "f1": 0.024390243902439025,
      "precision": 0.0273972602739726,
      "recall": 0.02197802197802198,
      "true_positive": 2
    }
  },
  "voxel_size_m": 0.05
}
wall_s=19.31 max_rss_kb=9508764
