{
  "counts": {
    "observable_gt_instances": 91,
    "positive_hungarian_matches": 38,
    "positive_overlap_pairs": 312,
    "predicted_objects": 65
  },
  "coverage": {
    "count": 91,
    "max": 1.0,
    "mean": 0.5001545690205433,
    "median": 0.4909090909090909,
    "min": 0.0,
    "q05": 0.0,
    "q25": 0.18312507231285433,
    "q75": 0.873453318335208,
    "q95": 1.0
  },
  "purity": {
    "count": 65,
    "max": 1.0,
    "mean": 0.8220914568423542,
    "median": 0.9473684210526315,
    "min": 0.0,
    "q05": 0.32385525531180365,
    "q25": 0.7,
    "q75": 1.0,
    "q95": 1.0
  },
  "scene": "room0",
  "thresholds": {
    "0.1": {
      "f1": 0.34615384615384615,
      "precision": 0.4153846153846154,
      "recall": 0.2967032967032967,
      "true_positive": 27
    },
    "0.25": {
      "f1": 0.19230769230769232,
      "precision": 0.23076923076923078,
      "recall": 0.16483516483516483,
      "true_positive": 15
    },
    "0.5": {
      "f1": 0.05128205128205128,
      "precision": 0.06153846153846154,
      "recall": 0.04395604395604396,
      "true_positive": 4
    }
  },
  "voxel_size_m": 0.1
}
wall_s=18.46 max_rss_kb=9495068
