{
  "counts": {
    "observable_gt_instances": 91,
    "positive_hungarian_matches": 37,
    "positive_overlap_pairs": 284,
    "predicted_objects": 65
  },
  "coverage": {
    "count": 91,
    "max": 1.0,
    "mean": 0.43070516641521317,
    "median": 0.3285198555956679,
    "min": 0.0,
    "q05": 0.0,
    "q25": 0.0844424648526316,
    "q75": 0.7912311807888516,
    "q95": 1.0
  },
  "purity": {
    "count": 65,
    "max": 1.0,
    "mean": 0.7698526783124856,
    "median": 0.8695652173913043,
    "min": 0.0,
    "q05": 0.07856929955290615,
    "q25": 0.6422764227642277,
    "q75": 1.0,
    "q95": 1.0
  },
  "scene": "room0",
  "thresholds": {
    "0.1": {
      "f1": 0.3076923076923077,
      "precision": 0.36923076923076925,
      "recall": 0.26373626373626374,
      "true_positive": 24
    },
    "0.25": {
      "f1": 0.1282051282051282,
      "precision": 0.15384615384615385,
      "recall": 0.10989010989010989,
      "true_positive": 10
    },
    "0.5": {
      "f1": 0.01282051282051282,
      "precision": 0.015384615384615385,
      "recall": 0.01098901098901099,
      "true_positive": 1
    }
  },
  "voxel_size_m": 0.05
}
wall_s=18.74 max_rss_kb=9509012
