{
  "counts": {
    "observable_gt_instances": 52,
    "positive_hungarian_matches": 18,
    "positive_overlap_pairs": 127,
    "predicted_objects": 28
  },
  "coverage": {
    "count": 52,
    "max": 1.0,
    "mean": 0.5901076572506816,
    "median": 0.6207969366997727,
    "min": 0.0,
    "q05": 0.0,
    "q25": 0.2245986873646448,
    "q75": 1.0,
    "q95": 1.0
  },
  "purity": {
    "count": 28,
    "max": 1.0,
    "mean": 0.5926413681250601,
    "median": 0.749933183939475,
    "min": 0.0,
    "q05": 0.0,
    "q25": 0.2573141144569716,
    "q75": 1.0,
    "q95": 1.0
  },
  "scene": "office0",
  "thresholds": {
    "0.1": {
      "f1": 0.3,
      "precision": 0.42857142857142855,
      "recall": 0.23076923076923078,
      "true_positive": 12
    },
    "0.25": {
      "f1": 0.1,
      "precision": 0.14285714285714285,
      "recall": 0.07692307692307693,
      "true_positive": 4
    },
    "0.5": {
      "f1": 0.0,
      "precision": 0.0,
      "recall": 0.0,
      "true_positive": 0
    }
  },
  "voxel_size_m": 0.1
}
wall_s=8.81 max_rss_kb=4158980
