{
  "counts": {
    "observable_gt_instances": 91,
    "positive_hungarian_matches": 37,
    "positive_overlap_pairs": 285,
    "predicted_objects": 73
  },
  "coverage": {
    "count": 91,
    "max": 1.0,
    "mean": 0.43443917453619363,
    "median": 0.41493423843869326,
    "min": 0.0,
    "q05": 0.0,
    "q25": 0.12358051490950671,
    "q75": 0.7283690568058333,
    "q95": 0.9940998455246222
  },
  "purity": {
    "count": 73,
    "max": 1.0,
    "mean": 0.6608384186733444,
    "median": 0.7777777777777778,
    "min": 0.0,
    "q05": 0.0,
    "q25": 0.4947069455202685,
    "q75": 0.918918918918919,
    "q95": 1.0
  },
  "scene": "room0",
  "thresholds": {
    "0.1": {
      "f1": 0.2804878048780488,
      "precision": 0.3150684931506849,
      "recall": 0.25274725274725274,
      "true_positive": 23
    },
    "0.25": {
      "f1": 0.10975609756097561,
      "precision": 0.1232876712328767,
      "recall": 0.0989010989010989,
      "true_positive": 9
    },
    "0.5": {
      "f1": 0.024390243902439025,
      "precision": 0.0273972602739726,
      "recall": 0.02197802197802198,
      "true_positive": 2
    }
  },
  "voxel_size_m": 0.025
}
wall_s=19.96 max_rss_kb=9550576
