{
  "counts": {
    "observable_gt_instances": 91,
    "positive_hungarian_matches": 36,
    "positive_overlap_pairs": 285,
    "predicted_objects": 71
  },
  "coverage": {
    "count": 91,
    "max": 1.0,
    "mean": 0.4299832397143611,
    "median": 0.3285198555956679,
    "min": 0.0,
    "q05": 0.0,
    "q25": 0.0844424648526316,
    "q75": 0.7912311807888516,
    "q95": 1.0
  },
  "purity": {
    "count": 71,
    "max": 1.0,
    "mean": 0.7282132700369546,
    "median": 0.8323895809739524,
    "min": 0.0,
    "q05": 0.0,
    "q25": 0.5748258784367624,
    "q75": 0.9988179669030732,
    "q95": 1.0
  },
  "scene": "room0",
  "thresholds": {
    "0.1": {
      "f1": 0.2962962962962963,
      "precision": 0.3380281690140845,
      "recall": 0.26373626373626374,
      "true_positive": 24
    },
    "0.25": {
      "f1": 0.1111111111111111,
      "precision": 0.1267605633802817,
      "recall": 0.0989010989010989,
      "true_positive": 9
    },
    "0.5": {
      "f1": 0.012345679012345678,
      "precision": 0.014084507042253521,
      "recall": 0.01098901098901099,
      "true_positive": 1
    }
  },
  "voxel_size_m": 0.05
}
