{
  "counts": {
    "observable_gt_instances": 52,
    "positive_hungarian_matches": 19,
    "positive_overlap_pairs": 128,
    "predicted_objects": 33
  },
  "coverage": {
    "count": 52,
    "max": 1.0,
    "mean": 0.5156931803477698,
    "median": 0.48004007804672255,
    "min": 0.0,
    "q05": 0.0,
    "q25": 0.15592142892516422,
    "q75": 0.9315606799529331,
    "q95": 0.9844126143476167
  },
  "purity": {
    "count": 33,
    "max": 1.0,
    "mean": 0.5901587534081768,
    "median": 0.7051378919531545,
    "min": 0.0,
    "q05": 0.0,
    "q25": 0.23783314020857474,
    "q75": 0.9146341463414634,
    "q95": 0.9822944033118381
  },
  "scene": "office0",
  "thresholds": {
    "0.1": {
      "f1": 0.2823529411764706,
      "precision": 0.36363636363636365,
      "recall": 0.23076923076923078,
      "true_positive": 12
    },
    "0.25": {
      "f1": 0.047058823529411764,
      "precision": 0.06060606060606061,
      "recall": 0.038461538461538464,
      "true_positive": 2
    },
    "0.5": {
      "f1": 0.0,
      "precision": 0.0,
      "recall": 0.0,
      "true_positive": 0
    }
  },
  "voxel_size_m": 0.025
}
wall_s=8.87 max_rss_kb=4198360
