{
  "counts": {
    "observable_gt_instances": 91,
    "positive_hungarian_matches": 35,
    "positive_overlap_pairs": 265,
    "predicted_objects": 64
  },
  "coverage": {
    "count": 91,
    "max": 1.0,
    "mean": 0.3915644048865417,
    "median": 0.3169529607885772,
    "min": 0.0,
    "q05": 0.0,
    "q25": 0.04802503128911139,
    "q75": 0.7050660393462211,
    "q95": 0.9895801331285202
  },
  "purity": {
    "count": 64,
    "max": 1.0,
    "mean": 0.7018847401745054,
    "median": 0.7829540556469419,
    "min": 0.0,
    "q05": 0.047934930241241215,
    "q25": 0.5378114130874384,
    "q75": 0.937864077669903,
    "q95": 1.0
  },
  "scene": "room0",
  "thresholds": {
    "0.1": {
      "f1": 0.2838709677419355,
      "precision": 0.34375,
      "recall": 0.24175824175824176,
      "true_positive": 22
    },
    "0.25": {
      "f1": 0.1032258064516129,
      "precision": 0.125,
      "recall": 0.08791208791208792,
      "true_positive": 8
    },
    "0.5": {
      "f1": 0.012903225806451613,
      "precision": 0.015625,
      "recall": 0.01098901098901099,
      "true_positive": 1
    }
  },
  "voxel_size_m": 0.025
}
