{
  "counts": {
    "observable_gt_instances": 52,
    "positive_hungarian_matches": 16,
    "positive_overlap_pairs": 116,
    "predicted_objects": 28
  },
  "coverage": {
    "count": 52,
    "max": 1.0,
    "mean": 0.5178998575201206,
    "median": 0.48004007804672255,
    "min": 0.0,
    "q05": 0.0,
    "q25": 0.17289094447164,
    "q75": 0.9315606799529331,
    "q95": 0.9844126143476167
  },
  "purity": {
    "count": 28,
    "max": 1.0,
    "mean": 0.53735342935597,
    "median": 0.612359884197174,
    "min": 0.0,
    "q05": 0.0,
    "q25": 0.20494365392686845,
    "q75": 0.9211241246075828,
    "q95": 0.9870511901918637
  },
  "scene": "office0",
  "thresholds": {
    "0.1": {
      "f1": 0.25,
      "precision": 0.35714285714285715,
      "recall": 0.19230769230769232,
      "true_positive": 10
    },
    "0.25": {
      "f1": 0.075,
      "precision": 0.10714285714285714,
      "recall": 0.057692307692307696,
      "true_positive": 3
    },
    "0.5": {
      "f1": 0.0,
      "precision": 0.0,
      "recall": 0.0,
      "true_positive": 0
    }
  },
  "voxel_size_m": 0.025
}
wall_s=9.40 max_rss_kb=4200148
