{
  "counts": {
    "observable_gt_instances": 91,
    "positive_hungarian_matches": 36,
    "positive_overlap_pairs": 298,
    "predicted_objects": 72
  },
  "coverage": {
    "count": 91,
    "max": 1.0,
    "mean": 0.452079604790914,
    "median": 0.3932926829268293,
    "min": 0.0,
    "q05": 0.0,
    "q25": 0.113945095494911,
    "q75": 0.8485714285714285,
    "q95": 1.0
  },
  "purity": {
    "count": 72,
    "max": 1.0,
    "mean": 0.7537232909272749,
    "median": 0.9044444444444444,
    "min": 0.0,
    "q05": 0.0,
    "q25": 0.6666666666666666,
    "q75": 1.0,
    "q95": 1.0
  },
  "scene": "room0",
  "thresholds": {
    "0.1": {
      "f1": 0.3312883435582822,
      "precision": 0.375,
      "recall": 0.2967032967032967,
      "true_positive": 27
    },
    "0.25": {
      "f1": 0.15950920245398773,
      "precision": 0.18055555555555555,
      "recall": 0.14285714285714285,
      "true_positive": 13
    },
    "0.5": {
      "f1": 0.03680981595092025,
      "precision": 0.041666666666666664,
      "recall": 0.03296703296703297,
      "true_positive": 3
    }
  },
  "voxel_size_m": 0.1
}
