{
  "counts": {
    "observable_gt_instances": 91,
    "positive_hungarian_matches": 36,
    "positive_overlap_pairs": 270,
    "predicted_objects": 71
  },
  "coverage": {
    "count": 91,
    "max": 1.0,
    "mean": 0.3909500590459881,
    "median": 0.3169529607885772,
    "min": 0.0,
    "q05": 0.0,
    "q25": 0.04802503128911139,
    "q75": 0.7050660393462211,
    "q95": 0.9895801331285202
  },
  "purity": {
    "count": 71,
    "max": 1.0,
    "mean": 0.6653690783542837,
    "median": 0.7777777777777778,
    "min": 0.0,
    "q05": 0.0,
    "q25": 0.49523183202463217,
    "q75": 0.9184758529020824,
    "q95": 1.0
  },
  "scene": "room0",
  "thresholds": {
    "0.1": {
      "f1": 0.2716049382716049,
      "precision": 0.30985915492957744,
      "recall": 0.24175824175824176,
      "true_positive": 22
    },
    "0.25": {
      "f1": 0.09876543209876543,
      "precision": 0.11267605633802817,
      "recall": 0.08791208791208792,
      "true_positive": 8
    },
    "0.5": {
      "f1": 0.012345679012345678,
      "precision": 0.014084507042253521,
      "recall": 0.01098901098901099,
      "true_positive": 1
    }
  },
  "voxel_size_m": 0.025
}
wall_s=19.31 max_rss_kb=9548544
