{
  "counts": {
    "observable_gt_instances": 52,
    "positive_hungarian_matches": 20,
    "positive_overlap_pairs": 141,
    "predicted_objects": 36
  },
  "coverage": {
    "count": 52,
    "max": 1.0,
    "mean": 0.6084319825058924,
    "median": 0.7311123501533314,
    "min": 0.0,
    "q05": 0.0006806930693069311,
    "q25": 0.22232452685585335,
    "q75": 0.9840425531914894,
    "q95": 1.0
  },
  "purity": {
    "count": 36,
    "max": 1.0,
    "mean": 0.6030971007226558,
    "median": 0.7287691744438671,
    "min": 0.0,
    "q05": 0.0,
    "q25": 0.22128590838509316,
    "q75": 0.9720687079910381,
    "q95": 1.0
  },
  "scene": "office0",
  "thresholds": {
    "0.1": {
      "f1": 0.3181818181818182,
      "precision": 0.3888888888888889,
      "recall": 0.2692307692307692,
      "true_positive": 14
    },
    "0.25": {
      "f1": 0.09090909090909091,
      "precision": 0.1111111111111111,
      "recall": 0.07692307692307693,
      "true_positive": 4
    },
    "0.5": {
      "f1": 0.022727272727272728,
      "precision": 0.027777777777777776,
      "recall": 0.019230769230769232,
      "true_positive": 1
    }
  },
  "voxel_size_m": 0.05
}
