{
  "counts": {
    "observable_gt_instances": 52,
    "positive_hungarian_matches": 22,
    "positive_overlap_pairs": 158,
    "predicted_objects": 37
  },
  "coverage": {
    "count": 52,
    "max": 1.0,
    "mean": 0.6613671007679252,
    "median": 0.8553082191780822,
    "min": 0.0,
    "q05": 0.1388410406690015,
    "q25": 0.2830070006563115,
    "q75": 1.0,
    "q95": 1.0
  },
  "purity": {
    "count": 37,
    "max": 1.0,
    "mean": 0.6439284647163251,
    "median": 0.8592233009708737,
    "min": 0.0,
    "q05": 0.0,
    "q25": 0.27505827505827507,
    "q75": 1.0,
    "q95": 1.0
  },
  "scene": "office0",
  "thresholds": {
    "0.1": {
      "f1": 0.3595505617977528,
      "precision": 0.43243243243243246,
      "recall": 0.3076923076923077,
      "true_positive": 16
    },
    "0.25": {
      "f1": 0.1348314606741573,
      "precision": 0.16216216216216217,
      "recall": 0.11538461538461539,
      "true_positive": 6
    },
    "0.5": {
      "f1": 0.0449438202247191,
      "precision": 0.05405405405405406,
      "recall": 0.038461538461538464,
      "true_positive": 2
    }
  },
  "voxel_size_m": 0.1
}
wall_s=8.78 max_rss_kb=4162016
