{
  "counts": {
    "observable_gt_instances": 91,
    "positive_hungarian_matches": 37,
    "positive_overlap_pairs": 289,
    "predicted_objects": 73
  },
  "coverage": {
    "count": 91,
    "max": 1.0,
    "mean": 0.4299832397143611,
    "median": 0.3285198555956679,
    "min": 0.0,
    "q05": 0.0,
    "q25": 0.0844424648526316,
    "q75": 0.7912311807888516,
    "q95": 1.0
  },
  "purity": {
    "count": 73,
    "max": 1.0,
    "mean": 0.723027922513686,
    "median": 0.8348623853211009,
    "min": 0.0,
    "q05": 0.0,
    "q25": 0.5710491367861886,
    "q75": 0.9976359338061466,
    "q95": 1.0
  },
  "scene": "room0",
  "thresholds": {
    "0.1": {
      "f1": 0.2926829268292683,
      "precision": 0.3287671232876712,
      "recall": 0.26373626373626374,
      "true_positive": 24
    },
    "0.25": {
      "f1": 0.10975609756097561,
      "precision": 0.1232876712328767,
      "recall": 0.0989010989010989,
      "true_positive": 9
    },
    "0.5": {
      "f1": 0.012195121951219513,
      "precision": 0.0136986301369863,
      "recall": 0.01098901098901099,
      "true_positive": 1
    }
  },
  "voxel_size_m": 0.05
}
