{
  "counts": {
    "observable_gt_instances": 52,
    "positive_hungarian_matches": 21,
    "positive_overlap_pairs": 151,
    "predicted_objects": 36
  },
  "coverage": {
    "count": 52,
    "max": 1.0,
    "mean": 0.6229055623063865,
    "median": 0.6878886185455528,
    "min": 0.0,
    "q05": 0.0,
    "q25": 0.25071409868843875,
    "q75": 1.0,
    "q95": 1.0
  },
  "purity": {
    "count": 36,
    "max": 1.0,
    "mean": 0.6340375887362231,
    "median": 0.8204344352955635,
    "min": 0.0,
    "q05": 0.0,
    "q25": 0.2573141144569716,
    "q75": 1.0,
    "q95": 1.0
  },
  "scene": "office0",
  "thresholds": {
    "0.1": {
      "f1": 0.3409090909090909,
      "precision": 0.4166666666666667,
      "recall": 0.28846153846153844,
      "true_positive": 15
    },
    "0.25": {
      "f1": 0.11363636363636363,
      "precision": 0.1388888888888889,
      "recall": 0.09615384615384616,
      "true_positive": 5
    },
    "0.5": {
      "f1": 0.022727272727272728,
      "precision": 0.027777777777777776,
      "recall": 0.019230769230769232,
      "true_positive": 1
    }
  },
  "voxel_size_m": 0.1
}
