{
  "counts": {
    "observable_gt_instances": 52,
    "positive_hungarian_matches": 18,
    "positive_overlap_pairs": 133,
    "predicted_objects": 28
  },
  "coverage": {
    "count": 52,
    "max": 1.0,
    "mean": 0.5895630630372178,
    "median": 0.6052376266823218,
    "min": 0.0,
    "q05": 0.10270685175562319,
    "q25": 0.20589039679037294,
    "q75": 0.9531147540983607,
    "q95": 0.9938888888888888
  },
  "purity": {
    "count": 28,
    "max": 1.0,
    "mean": 0.6087820007845414,
    "median": 0.6728993727778623,
    "min": 0.0,
    "q05": 0.0,
    "q25": 0.2534102828702263,
    "q75": 0.9568181818181818,
    "q95": 1.0
  },
  "scene": "office0",
  "thresholds": {
    "0.1": {
      "f1": 0.3,
      "precision": 0.42857142857142855,
      "recall": 0.23076923076923078,
      "true_positive": 12
    },
    "0.25": {
      "f1": 0.125,
      "precision": 0.17857142857142858,
      "recall": 0.09615384615384616,
      "true_positive": 5
    },
    "0.5": {
      "f1": 0.05,
      "precision": 0.07142857142857142,
      "recall": 0.038461538461538464,
      "true_positive": 2
    }
  },
  "voxel_size_m": 0.025
}
wall_s=9.40 max_rss_kb=4201340
