{
  "counts": {
    "observable_gt_instances": 91,
    "positive_hungarian_matches": 37,
    "positive_overlap_pairs": 302,
    "predicted_objects": 73
  },
  "coverage": {
    "count": 91,
    "max": 1.0,
    "mean": 0.452079604790914,
    "median": 0.3932926829268293,
    "min": 0.0,
    "q05": 0.0,
    "q25": 0.113945095494911,
    "q75": 0.8485714285714285,
    "q95": 1.0
  },
  "purity": {
    "count": 73,
    "max": 1.0,
    "mean": 0.7581771231966955,
    "median": 0.9259259259259259,
    "min": 0.0,
    "q05": 0.0,
    "q25": 0.6666666666666666,
    "q75": 1.0,
    "q95": 1.0
  },
  "scene": "room0",
  "thresholds": {
    "0.1": {
      "f1": 0.3170731707317073,
      "precision": 0.3561643835616438,
      "recall": 0.2857142857142857,
      "true_positive": 26
    },
    "0.25": {
      "f1": 0.15853658536585366,
      "precision": 0.1780821917808219,
      "recall": 0.14285714285714285,
      "true_positive": 13
    },
    "0.5": {
      "f1": 0.036585365853658534,
      "precision": 0.0410958904109589,
      "recall": 0.03296703296703297,
      "true_positive": 3
    }
  },
  "voxel_size_m": 0.1
}
