{
  "counts": {
    "observable_gt_instances": 91,
    "positive_hungarian_matches": 37,
    "positive_overlap_pairs": 297,
    "predicted_objects": 65
  },
  "coverage": {
    "count": 91,
    "max": 1.0,
    "mean": 0.4528917967142171,
    "median": 0.3932926829268293,
    "min": 0.0,
    "q05": 0.0,
    "q25": 0.113945095494911,
    "q75": 0.8485714285714285,
    "q95": 1.0
  },
  "purity": {
    "count": 65,
    "max": 1.0,
    "mean": 0.8067068414577386,
    "median": 0.9333333333333333,
    "min": 0.0,
    "q05": 0.10113925242444219,
    "q25": 0.696969696969697,
    "q75": 1.0,
    "q95": 1.0
  },
  "scene": "room0",
  "thresholds": {
    "0.1": {
      "f1": 0.3333333333333333,
      "precision": 0.4,
      "recall": 0.2857142857142857,
      "true_positive": 26
    },
    "0.25": {
      "f1": 0.1794871794871795,
      "precision": 0.2153846153846154,
      "recall": 0.15384615384615385,
      "true_positive": 14
    },
    "0.5": {
      "f1": 0.038461538461538464,
      "precision": 0.046153846153846156,
      "recall": 0.03296703296703297,
      "true_positive": 3
    }
  },
  "voxel_size_m": 0.1
}
wall_s=18.06 max_rss_kb=9498204
