{
  "counts": {
    "observable_gt_instances": 91,
    "positive_hungarian_matches": 38,
    "positive_overlap_pairs": 299,
    "predicted_objects": 65
  },
  "coverage": {
    "count": 91,
    "max": 1.0,
    "mean": 0.47682095950140574,
    "median": 0.4367469879518072,
    "min": 0.0,
    "q05": 0.0,
    "q25": 0.15697937301926848,
    "q75": 0.8283118862640986,
    "q95": 1.0
  },
  "purity": {
    "count": 65,
    "max": 1.0,
    "mean": 0.7852372936971009,
    "median": 0.8870967741935484,
    "min": 0.0,
    "q05": 0.3126627886052202,
    "q25": 0.6613333333333333,
    "q75": 1.0,
    "q95": 1.0
  },
  "scene": "room0",
  "thresholds": {
    "0.1": {
      "f1": 0.32051282051282054,
      "precision": 0.38461538461538464,
      "recall": 0.27472527472527475,
      "true_positive": 25
    },
    "0.25": {
      "f1": 0.14102564102564102,
      "precision": 0.16923076923076924,
      "recall": 0.12087912087912088,
      "true_positive": 11
    },
    "0.5": {
      "f1": 0.02564102564102564,
      "precision": 0.03076923076923077,
      "recall": 0.02197802197802198,
      "true_positive": 2
    }
  },
  "voxel_size_m": 0.05
}
wall_s=17.73 max_rss_kb=9506120
