{
  "counts": {
    "observable_gt_instances": 91,
    "positive_hungarian_matches": 37,
    "positive_overlap_pairs": 273,
    "predicted_objects": 73
  },
  "coverage": {
    "count": 91,
    "max": 1.0,
    "mean": 0.3909500590459881,
    "median": 0.3169529607885772,
    "min": 0.0,
    "q05": 0.0,
    "q25": 0.04802503128911139,
    "q75": 0.7050660393462211,
    "q95": 0.9895801331285202
  },
  "purity": {
    "count": 73,
    "max": 1.0,
    "mean": 0.6607150959572285,
    "median": 0.7777777777777778,
    "min": 0.0,
    "q05": 0.0,
    "q25": 0.4947069455202685,
    "q75": 0.9180327868852459,
    "q95": 1.0
  },
  "scene": "room0",
  "thresholds": {
    "0.1": {
      "f1": 0.2682926829268293,
      "precision": 0.3013698630136986,
      "recall": 0.24175824175824176,
      "true_positive": 22
    },
    "0.25": {
      "f1": 0.0975609756097561,
      "precision": 0.1095890410958904,
      "recall": 0.08791208791208792,
      "true_positive": 8
    },
    "0.5": {
      "f1": 0.012195121951219513,
      "precision": 0.0136986301369863,
      "recall": 0.01098901098901099,
      "true_positive": 1
    }
  },
  "voxel_size_m": 0.025
}
