{
  "counts": {
    "observable_gt_instances": 91,
    "positive_hungarian_matches": 36,
    "positive_overlap_pairs": 298,
    "predicted_objects": 71
  },
  "coverage": {
    "count": 91,
    "max": 1.0,
    "mean": 0.452079604790914,
    "median": 0.3932926829268293,
    "min": 0.0,
    "q05": 0.0,
    "q25": 0.113945095494911,
    "q75": 0.8485714285714285,
    "q95": 1.0
  },
  "purity": {
    "count": 71,
    "max": 1.0,
    "mean": 0.7643391119262506,
    "median": 0.92,
    "min": 0.0,
    "q05": 0.0,
    "q25": 0.6739130434782609,
    "q75": 1.0,
    "q95": 1.0
  },
  "scene": "room0",
  "thresholds": {
    "0.1": {
      "f1": 0.3333333333333333,
      "precision": 0.38028169014084506,
      "recall": 0.2967032967032967,
      "true_positive": 27
    },
    "0.25": {
      "f1": 0.16049382716049382,
      "precision": 0.18309859154929578,
      "recall": 0.14285714285714285,
      "true_positive": 13
    },
    "0.5": {
      "f1": 0.037037037037037035,
      "precision": 0.04225352112676056,
      "recall": 0.03296703296703297,
      "true_positive": 3
    }
  },
  "voxel_size_m": 0.1
}
