{
  "counts": {
    "observable_gt_instances": 91,
    "positive_hungarian_matches": 36,
    "positive_overlap_pairs": 285,
    "predicted_objects": 72
  },
  "coverage": {
    "count": 91,
    "max": 1.0,
    "mean": 0.4299832397143611,
    "median": 0.3285198555956679,
    "min": 0.0,
    "q05": 0.0,
    "q25": 0.0844424648526316,
    "q75": 0.7912311807888516,
    "q95": 1.0
  },
  "purity": {
    "count": 72,
    "max": 1.0,
    "mean": 0.7180991968419969,
    "median": 0.8312891301096177,
    "min": 0.0,
    "q05": 0.0,
    "q25": 0.5675273589187554,
    "q75": 0.99822695035461,
    "q95": 1.0
  },
  "scene": "room0",
  "thresholds": {
    "0.1": {
      "f1": 0.294478527607362,
      "precision": 0.3333333333333333,
      "recall": 0.26373626373626374,
      "true_positive": 24
    },
    "0.25": {
      "f1": 0.11042944785276074,
      "precision": 0.125,
      "recall": 0.0989010989010989,
      "true_positive": 9
    },
    "0.5": {
      "f1": 0.012269938650306749,
      "precision": 0.013888888888888888,
      "recall": 0.01098901098901099,
      "true_positive": 1
    }
  },
  "voxel_size_m": 0.05
}
wall_s=18.25 max_rss_kb=9506984
