{
  "counts": {
    "observable_gt_instances": 52,
    "positive_hungarian_matches": 21,
    "positive_overlap_pairs": 145,
    "predicted_objects": 37
  },
  "coverage": {
    "count": 52,
    "max": 1.0,
    "mean": 0.587356385864867,
    "median": 0.6052376266823218,
    "min": 0.0,
    "q05": 0.10270685175562319,
    "q25": 0.20589039679037294,
    "q75": 0.9531147540983607,
    "q95": 0.9938888888888888
  },
  "purity": {
    "count": 37,
    "max": 1.0,
    "mean": 0.5804118611478334,
    "median": 0.7051378919531545,
    "min": 0.0,
    "q05": 0.0,
    "q25": 0.23216601815823606,
    "q75": 0.9354838709677419,
    "q95": 1.0
  },
  "scene": "office0",
  "thresholds": {
    "0.1": {
      "f1": 0.3146067415730337,
      "precision": 0.3783783783783784,
      "recall": 0.2692307692307692,
      "true_positive": 14
    },
    "0.25": {
      "f1": 0.0898876404494382,
      "precision": 0.10810810810810811,
      "recall": 0.07692307692307693,
      "true_positive": 4
    },
    "0.5": {
      "f1": 0.0449438202247191,
      "precision": 0.05405405405405406,
      "recall": 0.038461538461538464,
      "true_positive": 2
    }
  },
  "voxel_size_m": 0.025
}
wall_s=9.78 max_rss_kb=4198172
