{
  "counts": {
    "observable_gt_instances": 52,
    "positive_hungarian_matches": 19,
    "positive_overlap_pairs": 128,
    "predicted_objects": 35
  },
  "coverage": {
    "count": 52,
    "max": 1.0,
    "mean": 0.5156931803477698,
    "median": 0.48004007804672255,
    "min": 0.0,
    "q05": 0.0,
    "q25": 0.15592142892516422,
    "q75": 0.9315606799529331,
    "q95": 0.9844126143476167
  },
  "purity": {
    "count": 35,
    "max": 1.0,
    "mean": 0.5564353960705667,
    "median": 0.64066085360257,
    "min": 0.0,
    "q05": 0.0,
    "q25": 0.17772128969550083,
    "q75": 0.9131994261119082,
    "q95": 0.980391688559828
  },
  "scene": "office0",
  "thresholds": {
    "0.1": {
      "f1": 0.27586206896551724,
      "precision": 0.34285714285714286,
      "recall": 0.23076923076923078,
      "true_positive": 12
    },
    "0.25": {
      "f1": 0.04597701149425287,
      "precision": 0.05714285714285714,
      "recall": 0.038461538461538464,
      "true_positive": 2
    },
    "0.5": {
      "f1": 0.0,
      "precision": 0.0,
      "recall": 0.0,
      "true_positive": 0
    }
  },
  "voxel_size_m": 0.025
}
