{
  "counts": {
    "observable_gt_instances": 52,
    "positive_hungarian_matches": 19,
    "positive_overlap_pairs": 134,
    "predicted_objects": 33
  },
  "coverage": {
    "count": 52,
    "max": 1.0,
    "mean": 0.5699704440443539,
    "median": 0.6117589667056009,
    "min": 0.0,
    "q05": 0.0,
    "q25": 0.20492828413774763,
    "q75": 0.9546703296703296,
    "q95": 1.0
  },
  "purity": {
    "count": 33,
    "max": 1.0,
    "mean": 0.6276210795762306,
    "median": 0.741027445460943,
    "min": 0.0,
    "q05": 0.0,
    "q25": 0.2903930131004367,
    "q75": 0.9692307692307692,
    "q95": 1.0
  },
  "scene": "office0",
  "thresholds": {
    "0.1": {
      "f1": 0.3058823529411765,
      "precision": 0.3939393939393939,
      "recall": 0.25,
      "true_positive": 13
    },
    "0.25": {
      "f1": 0.07058823529411765,
      "precision": 0.09090909090909091,
      "recall": 0.057692307692307696,
      "true_positive": 3
    },
    "0.5": {
      "f1": 0.0,
      "precision": 0.0,
      "recall": 0.0,
      "true_positive": 0
    }
  },
  "voxel_size_m": 0.05
}
wall_s=8.75 max_rss_kb=4168896
