{
  "counts": {
    "observable_gt_instances": 52,
    "positive_hungarian_matches": 21,
    "positive_overlap_pairs": 152,
    "predicted_objects": 37
  },
  "coverage": {
    "count": 52,
    "max": 1.0,
    "mean": 0.6444299403333493,
    "median": 0.8247257955314827,
    "min": 0.0,
    "q05": 0.1294480301928286,
    "q25": 0.24238746690203,
    "q75": 1.0,
    "q95": 1.0
  },
  "purity": {
    "count": 37,
    "max": 1.0,
    "mean": 0.61382420610853,
    "median": 0.741027445460943,
    "min": 0.0,
    "q05": 0.0,
    "q25": 0.23980978260869565,
    "q75": 0.9805825242718447,
    "q95": 1.0
  },
  "scene": "office0",
  "thresholds": {
    "0.1": {
      "f1": 0.33707865168539325,
      "precision": 0.40540540540540543,
      "recall": 0.28846153846153844,
      "true_positive": 15
    },
    "0.25": {
      "f1": 0.11235955056179775,
      "precision": 0.13513513513513514,
      "recall": 0.09615384615384616,
      "true_positive": 5
    },
    "0.5": {
      "f1": 0.0449438202247191,
      "precision": 0.05405405405405406,
      "recall": 0.038461538461538464,
      "true_positive": 2
    }
  },
  "voxel_size_m": 0.05
}
wall_s=8.59 max_rss_kb=4167764
