{
  "counts": {
    "observable_gt_instances": 52,
    "positive_hungarian_matches": 17,
    "positive_overlap_pairs": 121,
    "predicted_objects": 28
  },
  "coverage": {
    "count": 52,
    "max": 1.0,
    "mean": 0.5724048265218216,
    "median": 0.6117589667056009,
    "min": 0.0,
    "q05": 0.0,
    "q25": 0.21490962832542684,
    "q75": 0.9546703296703296,
    "q95": 1.0
  },
  "purity": {
    "count": 28,
    "max": 1.0,
    "mean": 0.5668693544152683,
    "median": 0.6845344516490488,
    "min": 0.0,
    "q05": 0.0,
    "q25": 0.22128590838509316,
    "q75": 0.9720687079910381,
    "q95": 1.0
  },
  "scene": "office0",
  "thresholds": {
    "0.1": {
      "f1": 0.3,
      "precision": 0.42857142857142855,
      "recall": 0.23076923076923078,
      "true_positive": 12
    },
    "0.25": {
      "f1": 0.075,
      "precision": 0.10714285714285714,
      "recall": 0.057692307692307696,
      "true_positive": 3
    },
    "0.5": {
      "f1": 0.0,
      "precision": 0.0,
      "recall": 0.0,
      "true_positive": 0
    }
  },
  "voxel_size_m": 0.05
}
wall_s=9.47 max_rss_kb=4167752
