{
  "counts": {
    "observable_gt_instances": 52,
    "positive_hungarian_matches": 20,
    "positive_overlap_pairs": 138,
    "predicted_objects": 36
  },
  "coverage": {
    "count": 52,
    "max": 1.0,
    "mean": 0.5492786950925654,
    "median": 0.5264170949005298,
    "min": 0.0,
    "q05": 0.0,
    "q25": 0.19405471356789405,
    "q75": 0.9357346259343788,
    "q95": 0.9867910447761193
  },
  "purity": {
    "count": 36,
    "max": 1.0,
    "mean": 0.5687566350686065,
    "median": 0.6728993727778623,
    "min": 0.0,
    "q05": 0.0,
    "q25": 0.20494365392686845,
    "q75": 0.9198465774980331,
    "q95": 0.9952830188679245
  },
  "scene": "office0",
  "thresholds": {
    "0.1": {
      "f1": 0.29545454545454547,
      "precision": 0.3611111111111111,
      "recall": 0.25,
      "true_positive": 13
    },
    "0.25": {
      "f1": 0.06818181818181818,
      "precision": 0.08333333333333333,
      "recall": 0.057692307692307696,
      "true_positive": 3
    },
    "0.5": {
      "f1": 0.022727272727272728,
      "precision": 0.027777777777777776,
      "recall": 0.019230769230769232,
      "true_positive": 1
    }
  },
  "voxel_size_m": 0.025
}
