{
  "counts": {
    "observable_gt_instances": 91,
    "positive_hungarian_matches": 36,
    "positive_overlap_pairs": 268,
    "predicted_objects": 65
  },
  "coverage": {
    "count": 91,
    "max": 1.0,
    "mean": 0.3915644048865417,
    "median": 0.3169529607885772,
    "min": 0.0,
    "q05": 0.0,
    "q25": 0.04802503128911139,
    "q75": 0.7050660393462211,
    "q95": 0.9895801331285202
  },
  "purity": {
    "count": 65,
    "max": 1.0,
    "mean": 0.7063326278906445,
    "median": 0.7848101265822784,
    "min": 0.0,
    "q05": 0.06275583291424745,
    "q25": 0.5474358974358975,
    "q75": 0.9333333333333333,
    "q95": 1.0
  },
  "scene": "room0",
  "thresholds": {
    "0.1": {
      "f1": 0.28205128205128205,
      "precision": 0.3384615384615385,
      "recall": 0.24175824175824176,
      "true_positive": 22
    },
    "0.25": {
      "f1": 0.10256410256410256,
      "precision": 0.12307692307692308,
      "recall": 0.08791208791208792,
      "true_positive": 8
    },
    "0.5": {
      "f1": 0.01282051282051282,
      "precision": 0.015384615384615385,
      "recall": 0.01098901098901099,
      "true_positive": 1
    }
  },
  "voxel_size_m": 0.025
}
wall_s=19.45 max_rss_kb=9549520
