{
  "counts": {
    "observable_gt_instances": 52,
    "positive_hungarian_matches": 20,
    "positive_overlap_pairs": 145,
    "predicted_objects": 28
  },
  "coverage": {
    "count": 52,
    "max": 1.0,
    "mean": 0.664293752810157,
    "median": 0.8553082191780822,
    "min": 0.0,
    "q05": 0.16374168797953964,
    "q25": 0.2830070006563115,
    "q75": 1.0,
    "q95": 1.0
  },
  "purity": {
    "count": 28,
    "max": 1.0,
    "mean": 0.6640699395536316,
    "median": 0.835267229254571,
    "min": 0.0,
    "q05": 0.0,
    "q25": 0.3363725426867343,
    "q75": 1.0,
    "q95": 1.0
  },
  "scene": "office0",
  "thresholds": {
    "0.1": {
      "f1": 0.35,
      "precision": 0.5,
      "recall": 0.2692307692307692,
      "true_positive": 14
    },
    "0.25": {
      "f1": 0.15,
      "precision": 0.21428571428571427,
      "recall": 0.11538461538461539,
      "true_positive": 6
    },
    "0.5": {
      "f1": 0.05,
      "precision": 0.07142857142857142,
      "recall": 0.038461538461538464,
      "true_positive": 2
    }
  },
  "voxel_size_m": 0.1
}
wall_s=8.58 max_rss_kb=4161212
