{
  "counts": {
    "observable_gt_instances": 91,
    "positive_hungarian_matches": 36,
    "positive_overlap_pairs": 270,
    "predicted_objects": 72
  },
  "coverage": {
    "count": 91,
    "max": 1.0,
    "mean": 0.3909500590459881,
    "median": 0.3169529607885772,
    "min": 0.0,
    "q05": 0.0,
    "q25": 0.04802503128911139,
    "q75": 0.7050660393462211,
    "q95": 0.9895801331285202
  },
  "purity": {
    "count": 72,
    "max": 1.0,
    "mean": 0.6561278411549186,
    "median": 0.7655122655122655,
    "min": 0.0,
    "q05": 0.0,
    "q25": 0.4832674463774386,
    "q75": 0.9182543198936641,
    "q95": 1.0
  },
  "scene": "room0",
  "thresholds": {
    "0.1": {
      "f1": 0.26993865030674846,
      "precision": 0.3055555555555556,
      "recall": 0.24175824175824176,
      "true_positive": 22
    },
    "0.25": {
      "f1": 0.09815950920245399,
      "precision": 0.1111111111111111,
      "recall": 0.08791208791208792,
      "true_positive": 8
    },
    "0.5": {
      "f1": 0.012269938650306749,
      "precision": 0.013888888888888888,
      "recall": 0.01098901098901099,
      "true_positive": 1
    }
  },
  "voxel_size_m": 0.025
}
wall_s=19.92 max_rss_kb=9545964
