{
  "counts": {
    "observable_gt_instances": 91,
    "positive_hungarian_matches": 37,
    "positive_overlap_pairs": 283,
    "predicted_objects": 65
  },
  "coverage": {
    "count": 91,
    "max": 1.0,
    "mean": 0.43505352037674727,
    "median": 0.41493423843869326,
    "min": 0.0,
    "q05": 0.0,
    "q25": 0.12358051490950671,
    "q75": 0.7283690568058333,
    "q95": 0.9940998455246222
  },
  "purity": {
    "count": 65,
    "max": 1.0,
    "mean": 0.72171724327526,
    "median": 0.8,
    "min": 0.0,
    "q05": 0.3035272440200569,
    "q25": 0.5588235294117647,
    "q75": 0.9514563106796117,
    "q95": 1.0
  },
  "scene": "room0",
  "thresholds": {
    "0.1": {
      "f1": 0.2948717948717949,
      "precision": 0.35384615384615387,
      "recall": 0.25274725274725274,
      "true_positive": 23
    },
    "0.25": {
      "f1": 0.11538461538461539,
      "precision": 0.13846153846153847,
      "recall": 0.0989010989010989,
      "true_positive": 9
    },
    "0.5": {
      "f1": 0.02564102564102564,
      "precision": 0.03076923076923077,
      "recall": 0.02197802197802198,
      "true_positive": 2
    }
  },
  "voxel_size_m": 0.025
}
wall_s=19.86 max_rss_kb=9550092
