{
  "counts": {
    "observable_gt_instances": 52,
    "positive_hungarian_matches": 19,
    "positive_overlap_pairs": 128,
    "predicted_objects": 34
  },
  "coverage": {
    "count": 52,
    "max": 1.0,
    "mean": 0.5156931803477698,
    "median": 0.48004007804672255,
    "min": 0.0,
    "q05": 0.0,
    "q25": 0.15592142892516422,
    "q75": 0.9315606799529331,
    "q95": 0.9844126143476167
  },
  "purity": {
    "count": 34,
    "max": 1.0,
    "mean": 0.5728011430138187,
    "median": 0.6728993727778623,
    "min": 0.0,
    "q05": 0.0,
    "q25": 0.23358279867082074,
    "q75": 0.9139167862266858,
    "q95": 0.9813430459358331
  },
  "scene": "office0",
  "thresholds": {
    "0.1": {
      "f1": 0.27906976744186046,
      "precision": 0.35294117647058826,
      "recall": 0.23076923076923078,
      "true_positive": 12
    },
    "0.25": {
      "f1": 0.046511627906976744,
      "precision": 0.058823529411764705,
      "recall": 0.038461538461538464,
      "true_positive": 2
    },
    "0.5": {
      "f1": 0.0,
      "precision": 0.0,
      "recall": 0.0,
      "true_positive": 0
    }
  },
  "voxel_size_m": 0.025
}
